2025-07-22 07:12:59 DEBUG TestNG:82 - suiteXmlPath: "C:\Users\Abhilash.Surapaneni\Desktop\Eclipse-Workspace2\OpenCartTest\Master.xml"
2025-07-22 07:12:59 TRACE Graph:52 - [Graph] ADDING NODE BaseClass.setup(java.lang.String,java.lang.String)[pri:0, instance:null] -1422203584
2025-07-22 07:12:59 TRACE Graph:52 - [Graph] ================ SORTING
2025-07-22 07:12:59 TRACE Graph:52 - [Graph] =============== DONE SORTING
2025-07-22 07:12:59 TRACE Graph:52 - [Graph] ====== SORTED NODES
2025-07-22 07:12:59 TRACE Graph:52 - [Graph] ====== END SORTED NODES
2025-07-22 07:12:59 TRACE Graph:52 - [Graph] ADDING NODE BaseClass.teardown()[pri:0, instance:null] 828881271
2025-07-22 07:12:59 TRACE Graph:52 - [Graph] ================ SORTING
2025-07-22 07:12:59 TRACE Graph:52 - [Graph] =============== DONE SORTING
2025-07-22 07:12:59 TRACE Graph:52 - [Graph] ====== SORTED NODES
2025-07-22 07:12:59 TRACE Graph:52 - [Graph] ====== END SORTED NODES
2025-07-22 07:12:59 TRACE Graph:52 - [Graph] ADDING NODE TC_003LoginDataDriven.Verifylogin_DataDriven(java.lang.String,java.lang.String,java.lang.String)[pri:0, instance:testCases.TC_003LoginDataDriven@5ce8d869] -915185504
2025-07-22 07:12:59 TRACE Graph:52 - [Graph] ================ SORTING
2025-07-22 07:12:59 TRACE Graph:52 - [Graph] =============== DONE SORTING
2025-07-22 07:12:59 TRACE Graph:52 - [Graph] ====== SORTED NODES
2025-07-22 07:12:59 TRACE Graph:52 - [Graph] ====== END SORTED NODES
2025-07-22 07:13:11 DEBUG PackageRelationshipCollection:307 - Parsing relationship: /xl/_rels/workbook.xml.rels
2025-07-22 07:13:11 DEBUG PackageRelationshipCollection:307 - Parsing relationship: /xl/worksheets/_rels/sheet1.xml.rels
2025-07-22 07:13:11 DEBUG PackageRelationshipCollection:307 - Parsing relationship: /_rels/.rels
2025-07-22 07:13:11 TRACE XBeanDebug:199 - Loading type system org.apache.poi.schemas.ooxml.system.ooxml
2025-07-22 07:13:11 TRACE XBeanDebug:199 - Loading type system org.apache.xmlbeans.metadata.system.sXMLCONFIG
2025-07-22 07:13:11 TRACE XBeanDebug:199 - Loading type system org.apache.xmlbeans.metadata.system.sXMLLANG
2025-07-22 07:13:11 TRACE XBeanDebug:199 - Loading type system org.apache.xmlbeans.metadata.system.sXMLSCHEMA
2025-07-22 07:13:11 TRACE XBeanDebug:199 - Loading type system org.apache.xmlbeans.metadata.system.sXMLTOOLS
2025-07-22 07:13:11 TRACE XBeanDebug:237 - Reading unresolved handles for type system org.apache.xmlbeans.metadata.system.sXMLTOOLS
2025-07-22 07:13:11 TRACE XBeanDebug:209 - Finished loading type system org.apache.xmlbeans.metadata.system.sXMLTOOLS
2025-07-22 07:13:11 TRACE XBeanDebug:237 - Reading unresolved handles for type system org.apache.xmlbeans.metadata.system.sXMLSCHEMA
2025-07-22 07:13:11 TRACE XBeanDebug:209 - Finished loading type system org.apache.xmlbeans.metadata.system.sXMLSCHEMA
2025-07-22 07:13:11 TRACE XBeanDebug:237 - Reading unresolved handles for type system org.apache.xmlbeans.metadata.system.sXMLLANG
2025-07-22 07:13:11 TRACE XBeanDebug:209 - Finished loading type system org.apache.xmlbeans.metadata.system.sXMLLANG
2025-07-22 07:13:11 TRACE XBeanDebug:237 - Reading unresolved handles for type system org.apache.xmlbeans.metadata.system.sXMLCONFIG
2025-07-22 07:13:11 TRACE XBeanDebug:209 - Finished loading type system org.apache.xmlbeans.metadata.system.sXMLCONFIG
2025-07-22 07:13:11 TRACE XBeanDebug:237 - Reading unresolved handles for type system org.apache.poi.schemas.ooxml.system.ooxml
2025-07-22 07:13:11 TRACE XBeanDebug:209 - Finished loading type system org.apache.poi.schemas.ooxml.system.ooxml
2025-07-22 07:13:11 TRACE XBeanDebug:946 - Resolving type for handle themefd26doctype
2025-07-22 07:13:11 TRACE XBeanDebug:946 - Resolving type for handle stylesheet5d8bdoctype
2025-07-22 07:13:11 TRACE XBeanDebug:946 - Resolving type for handle ctstylesheet4257type
2025-07-22 07:13:11 TRACE XBeanDebug:946 - Resolving type for handle ctfonts6623type
2025-07-22 07:13:11 TRACE XBeanDebug:946 - Resolving type for handle ctfont14d8type
2025-07-22 07:13:11 TRACE XBeanDebug:946 - Resolving type for handle ctfills2c6ftype
2025-07-22 07:13:11 TRACE XBeanDebug:946 - Resolving type for handle ctfill550ctype
2025-07-22 07:13:11 TRACE XBeanDebug:946 - Resolving type for handle ctborders0d66type
2025-07-22 07:13:11 TRACE XBeanDebug:946 - Resolving type for handle ctborderf935type
2025-07-22 07:13:11 TRACE XBeanDebug:946 - Resolving type for handle ctcellxfs1322type
2025-07-22 07:13:11 TRACE XBeanDebug:946 - Resolving type for handle ctxf97f7type
2025-07-22 07:13:11 TRACE XBeanDebug:946 - Resolving type for handle ctcellstylexfsa81ftype
2025-07-22 07:13:11 TRACE XBeanDebug:946 - Resolving type for handle ctdxfsb26atype
2025-07-22 07:13:11 TRACE XBeanDebug:946 - Resolving type for handle cttablestyles872ftype
2025-07-22 07:13:11 TRACE XBeanDebug:946 - Resolving type for handle sstf81fdoctype
2025-07-22 07:13:11 TRACE XBeanDebug:946 - Resolving type for handle ctsst44f3type
2025-07-22 07:13:11 TRACE XBeanDebug:946 - Resolving type for handle ctrsta472type
2025-07-22 07:13:11 TRACE XBeanDebug:946 - Resolving type for handle workbookec17doctype
2025-07-22 07:13:11 TRACE XBeanDebug:946 - Resolving type for handle ctworkbook83c3type
2025-07-22 07:13:11 TRACE XBeanDebug:946 - Resolving type for handle ctsheets49fdtype
2025-07-22 07:13:11 TRACE XBeanDebug:946 - Resolving type for handle ctsheet4dbetype
2025-07-22 07:13:11 TRACE XBeanDebug:946 - Resolving type for handle strelationshipid1e94type
2025-07-22 07:13:11 TRACE XBeanDebug:946 - Resolving type for handle worksheetf539doctype
2025-07-22 07:13:11 TRACE XBeanDebug:946 - Resolving type for handle ctworksheet530dtype
2025-07-22 07:13:11 TRACE XBeanDebug:946 - Resolving type for handle ctcols627ctype
2025-07-22 07:13:11 TRACE XBeanDebug:946 - Resolving type for handle ctcola95ftype
2025-07-22 07:13:11 TRACE XBeanDebug:946 - Resolving type for handle ctsheetdata8408type
2025-07-22 07:13:11 TRACE XBeanDebug:946 - Resolving type for handle ctrowdd39type
2025-07-22 07:13:11 TRACE XBeanDebug:946 - Resolving type for handle ctcell842btype
2025-07-22 07:13:11 TRACE XBeanDebug:946 - Resolving type for handle stcellrefe4e0type
2025-07-22 07:13:11 TRACE XBeanDebug:946 - Resolving type for handle cthyperlinks6416type
2025-07-22 07:13:11 TRACE XBeanDebug:946 - Resolving type for handle cthyperlink0c85type
2025-07-22 07:13:11 TRACE XBeanDebug:946 - Resolving type for handle stxstringf179type
2025-07-22 07:13:11 DEBUG PackageRelationshipCollection:307 - Parsing relationship: /xl/_rels/workbook.xml.rels
2025-07-22 07:13:11 DEBUG PackageRelationshipCollection:307 - Parsing relationship: /xl/worksheets/_rels/sheet1.xml.rels
2025-07-22 07:13:11 DEBUG PackageRelationshipCollection:307 - Parsing relationship: /_rels/.rels
2025-07-22 07:13:11 DEBUG PackageRelationshipCollection:307 - Parsing relationship: /xl/_rels/workbook.xml.rels
2025-07-22 07:13:11 DEBUG PackageRelationshipCollection:307 - Parsing relationship: /xl/worksheets/_rels/sheet1.xml.rels
2025-07-22 07:13:11 DEBUG PackageRelationshipCollection:307 - Parsing relationship: /_rels/.rels
2025-07-22 07:13:11 TRACE XBeanDebug:946 - Resolving type for handle stcelltypebf95type
2025-07-22 07:13:11 DEBUG PackageRelationshipCollection:307 - Parsing relationship: /xl/_rels/workbook.xml.rels
2025-07-22 07:13:11 DEBUG PackageRelationshipCollection:307 - Parsing relationship: /xl/worksheets/_rels/sheet1.xml.rels
2025-07-22 07:13:11 DEBUG PackageRelationshipCollection:307 - Parsing relationship: /_rels/.rels
2025-07-22 07:13:11 DEBUG PackageRelationshipCollection:307 - Parsing relationship: /xl/_rels/workbook.xml.rels
2025-07-22 07:13:11 DEBUG PackageRelationshipCollection:307 - Parsing relationship: /xl/worksheets/_rels/sheet1.xml.rels
2025-07-22 07:13:11 DEBUG PackageRelationshipCollection:307 - Parsing relationship: /_rels/.rels
2025-07-22 07:13:11 DEBUG PackageRelationshipCollection:307 - Parsing relationship: /xl/_rels/workbook.xml.rels
2025-07-22 07:13:11 DEBUG PackageRelationshipCollection:307 - Parsing relationship: /xl/worksheets/_rels/sheet1.xml.rels
2025-07-22 07:13:11 DEBUG PackageRelationshipCollection:307 - Parsing relationship: /_rels/.rels
2025-07-22 07:13:11 DEBUG PackageRelationshipCollection:307 - Parsing relationship: /xl/_rels/workbook.xml.rels
2025-07-22 07:13:11 DEBUG PackageRelationshipCollection:307 - Parsing relationship: /xl/worksheets/_rels/sheet1.xml.rels
2025-07-22 07:13:11 DEBUG PackageRelationshipCollection:307 - Parsing relationship: /_rels/.rels
2025-07-22 07:13:11 DEBUG PackageRelationshipCollection:307 - Parsing relationship: /xl/_rels/workbook.xml.rels
2025-07-22 07:13:11 DEBUG PackageRelationshipCollection:307 - Parsing relationship: /xl/worksheets/_rels/sheet1.xml.rels
2025-07-22 07:13:11 DEBUG PackageRelationshipCollection:307 - Parsing relationship: /_rels/.rels
2025-07-22 07:13:11 DEBUG PackageRelationshipCollection:307 - Parsing relationship: /xl/_rels/workbook.xml.rels
2025-07-22 07:13:11 DEBUG PackageRelationshipCollection:307 - Parsing relationship: /xl/worksheets/_rels/sheet1.xml.rels
2025-07-22 07:13:11 DEBUG PackageRelationshipCollection:307 - Parsing relationship: /_rels/.rels
2025-07-22 07:13:11 DEBUG PackageRelationshipCollection:307 - Parsing relationship: /xl/_rels/workbook.xml.rels
2025-07-22 07:13:11 DEBUG PackageRelationshipCollection:307 - Parsing relationship: /xl/worksheets/_rels/sheet1.xml.rels
2025-07-22 07:13:11 DEBUG PackageRelationshipCollection:307 - Parsing relationship: /_rels/.rels
2025-07-22 07:13:12 DEBUG PackageRelationshipCollection:307 - Parsing relationship: /xl/_rels/workbook.xml.rels
2025-07-22 07:13:12 DEBUG PackageRelationshipCollection:307 - Parsing relationship: /xl/worksheets/_rels/sheet1.xml.rels
2025-07-22 07:13:12 DEBUG PackageRelationshipCollection:307 - Parsing relationship: /_rels/.rels
2025-07-22 07:13:12 DEBUG PackageRelationshipCollection:307 - Parsing relationship: /xl/_rels/workbook.xml.rels
2025-07-22 07:13:12 DEBUG PackageRelationshipCollection:307 - Parsing relationship: /xl/worksheets/_rels/sheet1.xml.rels
2025-07-22 07:13:12 DEBUG PackageRelationshipCollection:307 - Parsing relationship: /_rels/.rels
2025-07-22 07:13:12 DEBUG PackageRelationshipCollection:307 - Parsing relationship: /xl/_rels/workbook.xml.rels
2025-07-22 07:13:12 DEBUG PackageRelationshipCollection:307 - Parsing relationship: /xl/worksheets/_rels/sheet1.xml.rels
2025-07-22 07:13:12 DEBUG PackageRelationshipCollection:307 - Parsing relationship: /_rels/.rels
2025-07-22 07:13:12 DEBUG PackageRelationshipCollection:307 - Parsing relationship: /xl/_rels/workbook.xml.rels
2025-07-22 07:13:12 DEBUG PackageRelationshipCollection:307 - Parsing relationship: /xl/worksheets/_rels/sheet1.xml.rels
2025-07-22 07:13:12 DEBUG PackageRelationshipCollection:307 - Parsing relationship: /_rels/.rels
2025-07-22 07:13:12 INFO  TC_003LoginDataDriven:24 - ---test Started---
2025-07-22 07:13:15 INFO  TC_003LoginDataDriven:64 - ---test completed---
2025-07-22 07:13:15 INFO  TC_003LoginDataDriven:24 - ---test Started---
2025-07-22 07:13:19 INFO  TC_003LoginDataDriven:64 - ---test completed---
2025-07-22 07:13:19 INFO  TC_003LoginDataDriven:24 - ---test Started---
2025-07-22 07:13:30 INFO  TC_003LoginDataDriven:64 - ---test completed---
2025-07-22 07:13:30 INFO  TC_003LoginDataDriven:24 - ---test Started---
2025-07-22 07:13:42 INFO  TC_003LoginDataDriven:64 - ---test completed---
2025-07-22 09:01:08 DEBUG TestNG:82 - suiteXmlPath: "C:\Users\Abhilash.Surapaneni\Desktop\Eclipse-Workspace2\OpenCartTest\Master.xml"
2025-07-22 09:01:08 TRACE Graph:52 - [Graph] ADDING NODE BaseClass.setup(java.lang.String,java.lang.String)[pri:0, instance:null] -1422203584
2025-07-22 09:01:08 TRACE Graph:52 - [Graph] ================ SORTING
2025-07-22 09:01:08 TRACE Graph:52 - [Graph] =============== DONE SORTING
2025-07-22 09:01:08 TRACE Graph:52 - [Graph] ====== SORTED NODES
2025-07-22 09:01:08 TRACE Graph:52 - [Graph] ====== END SORTED NODES
2025-07-22 09:01:08 TRACE Graph:52 - [Graph] ADDING NODE BaseClass.teardown()[pri:0, instance:null] 828881271
2025-07-22 09:01:08 TRACE Graph:52 - [Graph] ================ SORTING
2025-07-22 09:01:08 TRACE Graph:52 - [Graph] =============== DONE SORTING
2025-07-22 09:01:08 TRACE Graph:52 - [Graph] ====== SORTED NODES
2025-07-22 09:01:08 TRACE Graph:52 - [Graph] ====== END SORTED NODES
2025-07-22 09:01:08 TRACE Graph:52 - [Graph] ADDING NODE TC_003LoginDataDriven.Verifylogin_DataDriven(java.lang.String,java.lang.String,java.lang.String)[pri:0, instance:testCases.TC_003LoginDataDriven@3f67593e] -1410211467
2025-07-22 09:01:08 TRACE Graph:52 - [Graph] ================ SORTING
2025-07-22 09:01:08 TRACE Graph:52 - [Graph] =============== DONE SORTING
2025-07-22 09:01:08 TRACE Graph:52 - [Graph] ====== SORTED NODES
2025-07-22 09:01:08 TRACE Graph:52 - [Graph] ====== END SORTED NODES
2025-07-22 09:01:12 DEBUG PackageRelationshipCollection:307 - Parsing relationship: /xl/_rels/workbook.xml.rels
2025-07-22 09:01:12 DEBUG PackageRelationshipCollection:307 - Parsing relationship: /xl/worksheets/_rels/sheet1.xml.rels
2025-07-22 09:01:12 DEBUG PackageRelationshipCollection:307 - Parsing relationship: /_rels/.rels
2025-07-22 09:01:12 TRACE XBeanDebug:199 - Loading type system org.apache.poi.schemas.ooxml.system.ooxml
2025-07-22 09:01:12 TRACE XBeanDebug:199 - Loading type system org.apache.xmlbeans.metadata.system.sXMLCONFIG
2025-07-22 09:01:12 TRACE XBeanDebug:199 - Loading type system org.apache.xmlbeans.metadata.system.sXMLLANG
2025-07-22 09:01:12 TRACE XBeanDebug:199 - Loading type system org.apache.xmlbeans.metadata.system.sXMLSCHEMA
2025-07-22 09:01:12 TRACE XBeanDebug:199 - Loading type system org.apache.xmlbeans.metadata.system.sXMLTOOLS
2025-07-22 09:01:12 TRACE XBeanDebug:237 - Reading unresolved handles for type system org.apache.xmlbeans.metadata.system.sXMLTOOLS
2025-07-22 09:01:12 TRACE XBeanDebug:209 - Finished loading type system org.apache.xmlbeans.metadata.system.sXMLTOOLS
2025-07-22 09:01:12 TRACE XBeanDebug:237 - Reading unresolved handles for type system org.apache.xmlbeans.metadata.system.sXMLSCHEMA
2025-07-22 09:01:12 TRACE XBeanDebug:209 - Finished loading type system org.apache.xmlbeans.metadata.system.sXMLSCHEMA
2025-07-22 09:01:12 TRACE XBeanDebug:237 - Reading unresolved handles for type system org.apache.xmlbeans.metadata.system.sXMLLANG
2025-07-22 09:01:12 TRACE XBeanDebug:209 - Finished loading type system org.apache.xmlbeans.metadata.system.sXMLLANG
2025-07-22 09:01:12 TRACE XBeanDebug:237 - Reading unresolved handles for type system org.apache.xmlbeans.metadata.system.sXMLCONFIG
2025-07-22 09:01:12 TRACE XBeanDebug:209 - Finished loading type system org.apache.xmlbeans.metadata.system.sXMLCONFIG
2025-07-22 09:01:12 TRACE XBeanDebug:237 - Reading unresolved handles for type system org.apache.poi.schemas.ooxml.system.ooxml
2025-07-22 09:01:12 TRACE XBeanDebug:209 - Finished loading type system org.apache.poi.schemas.ooxml.system.ooxml
2025-07-22 09:01:12 TRACE XBeanDebug:946 - Resolving type for handle themefd26doctype
2025-07-22 09:01:12 TRACE XBeanDebug:946 - Resolving type for handle stylesheet5d8bdoctype
2025-07-22 09:01:12 TRACE XBeanDebug:946 - Resolving type for handle ctstylesheet4257type
2025-07-22 09:01:12 TRACE XBeanDebug:946 - Resolving type for handle ctfonts6623type
2025-07-22 09:01:12 TRACE XBeanDebug:946 - Resolving type for handle ctfont14d8type
2025-07-22 09:01:12 TRACE XBeanDebug:946 - Resolving type for handle ctfills2c6ftype
2025-07-22 09:01:12 TRACE XBeanDebug:946 - Resolving type for handle ctfill550ctype
2025-07-22 09:01:12 TRACE XBeanDebug:946 - Resolving type for handle ctborders0d66type
2025-07-22 09:01:12 TRACE XBeanDebug:946 - Resolving type for handle ctborderf935type
2025-07-22 09:01:12 TRACE XBeanDebug:946 - Resolving type for handle ctcellxfs1322type
2025-07-22 09:01:12 TRACE XBeanDebug:946 - Resolving type for handle ctxf97f7type
2025-07-22 09:01:12 TRACE XBeanDebug:946 - Resolving type for handle ctcellstylexfsa81ftype
2025-07-22 09:01:12 TRACE XBeanDebug:946 - Resolving type for handle ctdxfsb26atype
2025-07-22 09:01:12 TRACE XBeanDebug:946 - Resolving type for handle cttablestyles872ftype
2025-07-22 09:01:12 TRACE XBeanDebug:946 - Resolving type for handle sstf81fdoctype
2025-07-22 09:01:12 TRACE XBeanDebug:946 - Resolving type for handle ctsst44f3type
2025-07-22 09:01:12 TRACE XBeanDebug:946 - Resolving type for handle ctrsta472type
2025-07-22 09:01:12 TRACE XBeanDebug:946 - Resolving type for handle workbookec17doctype
2025-07-22 09:01:12 TRACE XBeanDebug:946 - Resolving type for handle ctworkbook83c3type
2025-07-22 09:01:12 TRACE XBeanDebug:946 - Resolving type for handle ctsheets49fdtype
2025-07-22 09:01:12 TRACE XBeanDebug:946 - Resolving type for handle ctsheet4dbetype
2025-07-22 09:01:12 TRACE XBeanDebug:946 - Resolving type for handle strelationshipid1e94type
2025-07-22 09:01:12 TRACE XBeanDebug:946 - Resolving type for handle worksheetf539doctype
2025-07-22 09:01:12 TRACE XBeanDebug:946 - Resolving type for handle ctworksheet530dtype
2025-07-22 09:01:12 TRACE XBeanDebug:946 - Resolving type for handle ctcols627ctype
2025-07-22 09:01:12 TRACE XBeanDebug:946 - Resolving type for handle ctcola95ftype
2025-07-22 09:01:12 TRACE XBeanDebug:946 - Resolving type for handle ctsheetdata8408type
2025-07-22 09:01:12 TRACE XBeanDebug:946 - Resolving type for handle ctrowdd39type
2025-07-22 09:01:12 TRACE XBeanDebug:946 - Resolving type for handle ctcell842btype
2025-07-22 09:01:12 TRACE XBeanDebug:946 - Resolving type for handle stcellrefe4e0type
2025-07-22 09:01:12 TRACE XBeanDebug:946 - Resolving type for handle cthyperlinks6416type
2025-07-22 09:01:12 TRACE XBeanDebug:946 - Resolving type for handle cthyperlink0c85type
2025-07-22 09:01:12 TRACE XBeanDebug:946 - Resolving type for handle stxstringf179type
2025-07-22 09:01:12 DEBUG PackageRelationshipCollection:307 - Parsing relationship: /xl/_rels/workbook.xml.rels
2025-07-22 09:01:12 DEBUG PackageRelationshipCollection:307 - Parsing relationship: /xl/worksheets/_rels/sheet1.xml.rels
2025-07-22 09:01:12 DEBUG PackageRelationshipCollection:307 - Parsing relationship: /_rels/.rels
2025-07-22 09:01:12 DEBUG PackageRelationshipCollection:307 - Parsing relationship: /xl/_rels/workbook.xml.rels
2025-07-22 09:01:12 DEBUG PackageRelationshipCollection:307 - Parsing relationship: /xl/worksheets/_rels/sheet1.xml.rels
2025-07-22 09:01:12 DEBUG PackageRelationshipCollection:307 - Parsing relationship: /_rels/.rels
2025-07-22 09:01:12 TRACE XBeanDebug:946 - Resolving type for handle stcelltypebf95type
2025-07-22 09:01:12 DEBUG PackageRelationshipCollection:307 - Parsing relationship: /xl/_rels/workbook.xml.rels
2025-07-22 09:01:12 DEBUG PackageRelationshipCollection:307 - Parsing relationship: /xl/worksheets/_rels/sheet1.xml.rels
2025-07-22 09:01:12 DEBUG PackageRelationshipCollection:307 - Parsing relationship: /_rels/.rels
2025-07-22 09:01:12 DEBUG PackageRelationshipCollection:307 - Parsing relationship: /xl/_rels/workbook.xml.rels
2025-07-22 09:01:12 DEBUG PackageRelationshipCollection:307 - Parsing relationship: /xl/worksheets/_rels/sheet1.xml.rels
2025-07-22 09:01:12 DEBUG PackageRelationshipCollection:307 - Parsing relationship: /_rels/.rels
2025-07-22 09:01:12 DEBUG PackageRelationshipCollection:307 - Parsing relationship: /xl/_rels/workbook.xml.rels
2025-07-22 09:01:12 DEBUG PackageRelationshipCollection:307 - Parsing relationship: /xl/worksheets/_rels/sheet1.xml.rels
2025-07-22 09:01:12 DEBUG PackageRelationshipCollection:307 - Parsing relationship: /_rels/.rels
2025-07-22 09:01:12 DEBUG PackageRelationshipCollection:307 - Parsing relationship: /xl/_rels/workbook.xml.rels
2025-07-22 09:01:12 DEBUG PackageRelationshipCollection:307 - Parsing relationship: /xl/worksheets/_rels/sheet1.xml.rels
2025-07-22 09:01:12 DEBUG PackageRelationshipCollection:307 - Parsing relationship: /_rels/.rels
2025-07-22 09:01:12 DEBUG PackageRelationshipCollection:307 - Parsing relationship: /xl/_rels/workbook.xml.rels
2025-07-22 09:01:12 DEBUG PackageRelationshipCollection:307 - Parsing relationship: /xl/worksheets/_rels/sheet1.xml.rels
2025-07-22 09:01:12 DEBUG PackageRelationshipCollection:307 - Parsing relationship: /_rels/.rels
2025-07-22 09:01:12 DEBUG PackageRelationshipCollection:307 - Parsing relationship: /xl/_rels/workbook.xml.rels
2025-07-22 09:01:12 DEBUG PackageRelationshipCollection:307 - Parsing relationship: /xl/worksheets/_rels/sheet1.xml.rels
2025-07-22 09:01:12 DEBUG PackageRelationshipCollection:307 - Parsing relationship: /_rels/.rels
2025-07-22 09:01:12 DEBUG PackageRelationshipCollection:307 - Parsing relationship: /xl/_rels/workbook.xml.rels
2025-07-22 09:01:12 DEBUG PackageRelationshipCollection:307 - Parsing relationship: /xl/worksheets/_rels/sheet1.xml.rels
2025-07-22 09:01:12 DEBUG PackageRelationshipCollection:307 - Parsing relationship: /_rels/.rels
2025-07-22 09:01:13 DEBUG PackageRelationshipCollection:307 - Parsing relationship: /xl/_rels/workbook.xml.rels
2025-07-22 09:01:13 DEBUG PackageRelationshipCollection:307 - Parsing relationship: /xl/worksheets/_rels/sheet1.xml.rels
2025-07-22 09:01:13 DEBUG PackageRelationshipCollection:307 - Parsing relationship: /_rels/.rels
2025-07-22 09:01:13 DEBUG PackageRelationshipCollection:307 - Parsing relationship: /xl/_rels/workbook.xml.rels
2025-07-22 09:01:13 DEBUG PackageRelationshipCollection:307 - Parsing relationship: /xl/worksheets/_rels/sheet1.xml.rels
2025-07-22 09:01:13 DEBUG PackageRelationshipCollection:307 - Parsing relationship: /_rels/.rels
2025-07-22 09:01:13 DEBUG PackageRelationshipCollection:307 - Parsing relationship: /xl/_rels/workbook.xml.rels
2025-07-22 09:01:13 DEBUG PackageRelationshipCollection:307 - Parsing relationship: /xl/worksheets/_rels/sheet1.xml.rels
2025-07-22 09:01:13 DEBUG PackageRelationshipCollection:307 - Parsing relationship: /_rels/.rels
2025-07-22 09:01:13 DEBUG PackageRelationshipCollection:307 - Parsing relationship: /xl/_rels/workbook.xml.rels
2025-07-22 09:01:13 DEBUG PackageRelationshipCollection:307 - Parsing relationship: /xl/worksheets/_rels/sheet1.xml.rels
2025-07-22 09:01:13 DEBUG PackageRelationshipCollection:307 - Parsing relationship: /_rels/.rels
2025-07-22 09:01:13 INFO  TC_003LoginDataDriven:24 - ---test Started---
2025-07-22 09:01:14 INFO  TC_003LoginDataDriven:64 - ---test completed---
2025-07-22 09:01:14 INFO  TC_003LoginDataDriven:24 - ---test Started---
2025-07-22 09:01:16 INFO  TC_003LoginDataDriven:64 - ---test completed---
2025-07-22 09:01:16 INFO  TC_003LoginDataDriven:24 - ---test Started---
2025-07-22 09:01:26 INFO  TC_003LoginDataDriven:64 - ---test completed---
2025-07-22 09:01:26 INFO  TC_003LoginDataDriven:24 - ---test Started---
2025-07-22 09:01:37 INFO  TC_003LoginDataDriven:64 - ---test completed---
